Dump	$["city":"", "company":"M&M", "country":"Italy", "email":"WI@IW.jh", "key":"WI-CATCH22-Yo-Yo", "name1":"Washington", "name2":"Irwing", "salutation":"male", "state":"", "street":"", "zip":""]
Return	
Dump	----------------------
Dump	$["city":"", "company":"M&M", "country":"Italy", "email":"wi@iw.jh", "key":"WI-CATCH22-Yo-Yo", "name1":"Washington", "name2":"Irwing", "salutation":"", "state":"", "street":"", "zip":""]
Return	Check either Mrs. or Mr.
Dump	----------------------
Dump	$["city":"", "company":"M&M", "country":"Italy", "email":"wi@iw", "key":"WI-CATCH22-Yo-Yo", "name1":"Washington", "name2":"Irwing", "salutation":"Mr", "state":"", "street":"", "zip":""]
Return	Enter a valid e-mail address
Dump	----------------------
Dump	$["city":"", "company":"M&M", "country":"Italy", "email":"wi@iw.jh", "key":"WI-CATCH22", "name1":"Washington", "name2":"Irwing", "salutation":"Mr", "state":"", "street":"", "zip":""]
Return	Please enter your support key
