Write	.support.key.KEY_NAME1 "Washington" true
Write	.support.key.KEY_NAME2 "Irwing" true
Write	.support.key.KEY_SALUTATION "male" true
Write	.support.key.KEY_COMPANY "M&M" true
Write	.support.key.KEY_STREET "" true
Write	.support.key.KEY_ZIP "" true
Write	.support.key.KEY_COUNTRY "Italy" true
Write	.support.key.KEY_STATE "" true
Write	.support.key.KEY_CITY "" true
Write	.support.key.KEY_EMAIL "WI@IW.jh" true
Write	.support.key.KEY_CODE "WI-CATCH22-Yo-Yo" true
Write	.support.key nil true
Return	true
Dump	----------------------
Write	.support.key.KEY_NAME1 "Washington" false
Write	.support.key.KEY_NAME2 "Irwing" false
Write	.support.key.KEY_SALUTATION "male" false
Write	.support.key.KEY_COMPANY "M&M" false
Write	.support.key.KEY_STREET "" false
Write	.support.key.KEY_ZIP "" false
Write	.support.key.KEY_COUNTRY "Italy" false
Write	.support.key.KEY_STATE "" false
Write	.support.key.KEY_CITY "" false
Write	.support.key.KEY_EMAIL "WI@IW.jh" false
Write	.support.key.KEY_CODE "WI-CATCH22-Yo-Yo" false
Write	.support.key nil false
Return	false
Dump	----------------------
Write	.support.key.KEY_NAME1 "Washington" true
Write	.support.key.KEY_NAME2 "Irwing" true
Write	.support.key.KEY_SALUTATION "male" true
Write	.support.key.KEY_COMPANY "" true
Write	.support.key.KEY_STREET "" true
Write	.support.key.KEY_ZIP "" true
Write	.support.key.KEY_COUNTRY "" true
Write	.support.key.KEY_STATE "" true
Write	.support.key.KEY_CITY "" true
Write	.support.key.KEY_EMAIL "WI@IW.jh" true
Write	.support.key.KEY_CODE "WI-CATCH22-Yo-Yo" true
Write	.support.key nil true
Return	true
